mode: set
github.com/falcon-autotuning/instrument-server/runtime/internal/interpreter/falcon_core.go:24.2,25.16 2 0
github.com/falcon-autotuning/instrument-server/runtime/internal/interpreter/falcon_core.go:26.3,30.1 1 0
github.com/falcon-autotuning/instrument-server/runtime/internal/interpreter/falcon_core.go:32.2,32.55 1 0
github.com/falcon-autotuning/instrument-server/runtime/internal/interpreter/falcon_core.go:38.2,38.21 1 0
github.com/falcon-autotuning/instrument-server/runtime/internal/interpreter/falcon_core.go:39.3,40.1 1 0
github.com/falcon-autotuning/instrument-server/runtime/internal/interpreter/falcon_core.go:41.2,41.12 1 0
github.com/falcon-autotuning/instrument-server/runtime/internal/interpreter/falcon_core.go:46.2,47.1 1 1
github.com/falcon-autotuning/instrument-server/runtime/internal/interpreter/falcon_core.go:51.2,51.21 1 0
github.com/falcon-autotuning/instrument-server/runtime/internal/interpreter/falcon_core.go:52.3,53.1 1 0
github.com/falcon-autotuning/instrument-server/runtime/internal/interpreter/falcon_core.go:54.2,54.26 1 0
github.com/falcon-autotuning/instrument-server/runtime/internal/interpreter/falcon_core.go:59.2,59.21 1 0
github.com/falcon-autotuning/instrument-server/runtime/internal/interpreter/falcon_core.go:60.3,61.1 1 0
github.com/falcon-autotuning/instrument-server/runtime/internal/interpreter/falcon_core.go:62.2,62.27 1 0
github.com/falcon-autotuning/instrument-server/runtime/internal/interpreter/falcon_core.go:74.2,75.16 2 0
github.com/falcon-autotuning/instrument-server/runtime/internal/interpreter/falcon_core.go:76.3,80.1 1 0
github.com/falcon-autotuning/instrument-server/runtime/internal/interpreter/falcon_core.go:82.2,82.56 1 0
github.com/falcon-autotuning/instrument-server/runtime/internal/interpreter/falcon_core.go:87.2,87.21 1 0
github.com/falcon-autotuning/instrument-server/runtime/internal/interpreter/falcon_core.go:88.3,89.1 1 0
github.com/falcon-autotuning/instrument-server/runtime/internal/interpreter/falcon_core.go:90.2,90.12 1 0
github.com/falcon-autotuning/instrument-server/runtime/internal/interpreter/falcon_core.go:95.2,96.1 1 0
github.com/falcon-autotuning/instrument-server/runtime/internal/interpreter/falcon_core.go:100.2,100.21 1 0
github.com/falcon-autotuning/instrument-server/runtime/internal/interpreter/falcon_core.go:101.3,102.1 1 0
github.com/falcon-autotuning/instrument-server/runtime/internal/interpreter/falcon_core.go:103.2,103.26 1 0
github.com/falcon-autotuning/instrument-server/runtime/internal/interpreter/falcon_core.go:108.2,108.21 1 0
github.com/falcon-autotuning/instrument-server/runtime/internal/interpreter/falcon_core.go:109.3,110.1 1 0
github.com/falcon-autotuning/instrument-server/runtime/internal/interpreter/falcon_core.go:111.2,111.27 1 0
github.com/falcon-autotuning/instrument-server/runtime/internal/interpreter/falcon_core.go:118.2,118.14 1 0
github.com/falcon-autotuning/instrument-server/runtime/internal/interpreter/falcon_core.go:120.3,120.31 1 0
github.com/falcon-autotuning/instrument-server/runtime/internal/interpreter/falcon_core.go:122.3,122.34 1 0
github.com/falcon-autotuning/instrument-server/runtime/internal/interpreter/falcon_core.go:124.3,124.32 1 0
github.com/falcon-autotuning/instrument-server/runtime/internal/interpreter/falcon_core.go:126.3,126.32 1 0
github.com/falcon-autotuning/instrument-server/runtime/internal/interpreter/falcon_core.go:128.3,128.32 1 0
github.com/falcon-autotuning/instrument-server/runtime/internal/interpreter/falcon_core.go:130.3,130.30 1 0
github.com/falcon-autotuning/instrument-server/runtime/internal/interpreter/falcon_core.go:132.3,132.33 1 0
github.com/falcon-autotuning/instrument-server/runtime/internal/interpreter/falcon_core.go:134.3,134.31 1 0
github.com/falcon-autotuning/instrument-server/runtime/internal/interpreter/falcon_core.go:136.3,136.32 1 0
github.com/falcon-autotuning/instrument-server/runtime/internal/interpreter/falcon_core.go:138.3,138.32 1 0
github.com/falcon-autotuning/instrument-server/runtime/internal/interpreter/falcon_core.go:140.3,140.31 1 0
github.com/falcon-autotuning/instrument-server/runtime/internal/interpreter/falcon_core.go:142.3,142.30 1 0
github.com/falcon-autotuning/instrument-server/runtime/internal/interpreter/falcon_core.go:144.3,144.33 1 0
github.com/falcon-autotuning/instrument-server/runtime/internal/interpreter/falcon_core.go:146.3,146.30 1 0
github.com/falcon-autotuning/instrument-server/runtime/internal/interpreter/falcon_core.go:148.3,148.31 1 0
github.com/falcon-autotuning/instrument-server/runtime/internal/interpreter/falcon_core.go:150.3,150.29 1 0
github.com/falcon-autotuning/instrument-server/runtime/internal/interpreter/falcon_core.go:152.3,152.33 1 0
github.com/falcon-autotuning/instrument-server/runtime/internal/interpreter/falcon_core.go:154.3,154.31 1 0
github.com/falcon-autotuning/instrument-server/runtime/internal/interpreter/falcon_core.go:156.3,156.31 1 0
github.com/falcon-autotuning/instrument-server/runtime/internal/interpreter/falcon_core.go:158.3,158.31 1 0
github.com/falcon-autotuning/instrument-server/runtime/internal/interpreter/falcon_core.go:160.3,160.32 1 0
github.com/falcon-autotuning/instrument-server/runtime/internal/interpreter/falcon_core.go:162.3,162.35 1 0
github.com/falcon-autotuning/instrument-server/runtime/internal/interpreter/falcon_core.go:164.3,164.37 1 0
github.com/falcon-autotuning/instrument-server/runtime/internal/interpreter/falcon_core.go:166.3,166.37 1 0
github.com/falcon-autotuning/instrument-server/runtime/internal/interpreter/falcon_core.go:168.3,168.36 1 0
github.com/falcon-autotuning/instrument-server/runtime/internal/interpreter/falcon_core.go:170.3,170.36 1 0
github.com/falcon-autotuning/instrument-server/runtime/internal/interpreter/falcon_core.go:172.3,172.36 1 0
github.com/falcon-autotuning/instrument-server/runtime/internal/interpreter/falcon_core.go:174.3,174.39 1 0
github.com/falcon-autotuning/instrument-server/runtime/internal/interpreter/falcon_core.go:176.3,176.39 1 0
github.com/falcon-autotuning/instrument-server/runtime/internal/interpreter/measure_get_set_handler.go:36.46,36.79 1 0
github.com/falcon-autotuning/instrument-server/runtime/internal/interpreter/measure_get_set_handler.go:45.2,45.14 1 0
github.com/falcon-autotuning/instrument-server/runtime/internal/interpreter/measure_get_set_handler.go:46.3,47.1 1 0
github.com/falcon-autotuning/instrument-server/runtime/internal/interpreter/measure_get_set_handler.go:48.2,48.21 1 0
github.com/falcon-autotuning/instrument-server/runtime/internal/interpreter/measure_get_set_handler.go:49.3,50.1 1 0
github.com/falcon-autotuning/instrument-server/runtime/internal/interpreter/measure_get_set_handler.go:51.2,51.21 1 0
github.com/falcon-autotuning/instrument-server/runtime/internal/interpreter/measure_get_set_handler.go:52.3,53.1 1 0
github.com/falcon-autotuning/instrument-server/runtime/internal/interpreter/measure_get_set_handler.go:61.2,61.39 1 0
github.com/falcon-autotuning/instrument-server/runtime/internal/interpreter/measure_get_set_handler.go:62.3,63.1 1 0
github.com/falcon-autotuning/instrument-server/runtime/internal/interpreter/measure_get_set_handler.go:65.2,67.15 3 0
github.com/falcon-autotuning/instrument-server/runtime/internal/interpreter/measure_get_set_handler.go:68.3,68.12 1 0
github.com/falcon-autotuning/instrument-server/runtime/internal/interpreter/measure_get_set_handler.go:69.4,70.1 1 0
github.com/falcon-autotuning/instrument-server/runtime/internal/interpreter/measure_get_set_handler.go:73.2,74.16 2 0
github.com/falcon-autotuning/instrument-server/runtime/internal/interpreter/measure_get_set_handler.go:75.3,76.1 1 0
github.com/falcon-autotuning/instrument-server/runtime/internal/interpreter/measure_get_set_handler.go:77.2,79.16 3 0
github.com/falcon-autotuning/instrument-server/runtime/internal/interpreter/measure_get_set_handler.go:80.3,81.1 1 0
github.com/falcon-autotuning/instrument-server/runtime/internal/interpreter/measure_get_set_handler.go:82.2,82.30 1 0
github.com/falcon-autotuning/instrument-server/runtime/internal/interpreter/measure_get_set_handler.go:83.3,84.1 1 0
github.com/falcon-autotuning/instrument-server/runtime/internal/interpreter/measure_get_set_handler.go:86.2,87.16 2 0
github.com/falcon-autotuning/instrument-server/runtime/internal/interpreter/measure_get_set_handler.go:88.3,89.1 1 0
github.com/falcon-autotuning/instrument-server/runtime/internal/interpreter/measure_get_set_handler.go:90.2,92.16 3 0
github.com/falcon-autotuning/instrument-server/runtime/internal/interpreter/measure_get_set_handler.go:93.3,94.1 1 0
github.com/falcon-autotuning/instrument-server/runtime/internal/interpreter/measure_get_set_handler.go:95.2,95.22 1 0
github.com/falcon-autotuning/instrument-server/runtime/internal/interpreter/measure_get_set_handler.go:96.3,97.1 1 0
github.com/falcon-autotuning/instrument-server/runtime/internal/interpreter/measure_get_set_handler.go:98.2,99.16 2 0
github.com/falcon-autotuning/instrument-server/runtime/internal/interpreter/measure_get_set_handler.go:100.3,101.1 1 0
github.com/falcon-autotuning/instrument-server/runtime/internal/interpreter/measure_get_set_handler.go:103.2,104.16 2 0
github.com/falcon-autotuning/instrument-server/runtime/internal/interpreter/measure_get_set_handler.go:105.3,106.1 1 0
github.com/falcon-autotuning/instrument-server/runtime/internal/interpreter/measure_get_set_handler.go:107.2,107.14 1 0
github.com/falcon-autotuning/instrument-server/runtime/internal/interpreter/measure_get_set_handler.go:108.3,109.1 1 0
github.com/falcon-autotuning/instrument-server/runtime/internal/interpreter/measure_get_set_handler.go:110.2,111.16 2 0
github.com/falcon-autotuning/instrument-server/runtime/internal/interpreter/measure_get_set_handler.go:112.3,113.1 1 0
github.com/falcon-autotuning/instrument-server/runtime/internal/interpreter/measure_get_set_handler.go:114.2,114.69 1 0
github.com/falcon-autotuning/instrument-server/runtime/internal/interpreter/measure_get_set_handler.go:115.3,116.1 1 0
github.com/falcon-autotuning/instrument-server/runtime/internal/interpreter/measure_get_set_handler.go:117.2,118.16 2 0
github.com/falcon-autotuning/instrument-server/runtime/internal/interpreter/measure_get_set_handler.go:119.3,120.1 1 0
github.com/falcon-autotuning/instrument-server/runtime/internal/interpreter/measure_get_set_handler.go:121.2,121.30 1 0
github.com/falcon-autotuning/instrument-server/runtime/internal/interpreter/measure_get_set_handler.go:125.24,125.24 0 0
github.com/falcon-autotuning/instrument-server/runtime/internal/interpreter/measure_get_set_handler.go:127.3,127.25 1 0
github.com/falcon-autotuning/instrument-server/runtime/internal/interpreter/measure_get_set_handler.go:130.2,131.16 2 0
github.com/falcon-autotuning/instrument-server/runtime/internal/interpreter/measure_get_set_handler.go:132.3,133.1 1 0
github.com/falcon-autotuning/instrument-server/runtime/internal/interpreter/measure_get_set_handler.go:134.2,136.16 3 0
github.com/falcon-autotuning/instrument-server/runtime/internal/interpreter/measure_get_set_handler.go:137.3,138.1 1 0
github.com/falcon-autotuning/instrument-server/runtime/internal/interpreter/measure_get_set_handler.go:139.2,141.16 3 0
github.com/falcon-autotuning/instrument-server/runtime/internal/interpreter/measure_get_set_handler.go:142.3,143.1 1 0
github.com/falcon-autotuning/instrument-server/runtime/internal/interpreter/measure_get_set_handler.go:144.2,144.17 1 0
github.com/falcon-autotuning/instrument-server/runtime/internal/interpreter/measure_get_set_handler.go:145.3,146.1 1 0
github.com/falcon-autotuning/instrument-server/runtime/internal/interpreter/measure_get_set_handler.go:148.2,149.16 2 0
github.com/falcon-autotuning/instrument-server/runtime/internal/interpreter/measure_get_set_handler.go:150.3,151.1 1 0
github.com/falcon-autotuning/instrument-server/runtime/internal/interpreter/measure_get_set_handler.go:152.2,154.16 3 0
github.com/falcon-autotuning/instrument-server/runtime/internal/interpreter/measure_get_set_handler.go:155.3,156.1 1 0
github.com/falcon-autotuning/instrument-server/runtime/internal/interpreter/measure_get_set_handler.go:157.2,157.24 1 0
github.com/falcon-autotuning/instrument-server/runtime/internal/interpreter/measure_get_set_handler.go:158.3,159.1 1 0
github.com/falcon-autotuning/instrument-server/runtime/internal/interpreter/measure_get_set_handler.go:160.2,161.16 2 0
github.com/falcon-autotuning/instrument-server/runtime/internal/interpreter/measure_get_set_handler.go:162.3,163.1 1 0
github.com/falcon-autotuning/instrument-server/runtime/internal/interpreter/measure_get_set_handler.go:164.2,165.1 3 0
github.com/falcon-autotuning/instrument-server/runtime/internal/interpreter/measure_get_set_handler.go:166.2,167.16 3 0
github.com/falcon-autotuning/instrument-server/runtime/internal/interpreter/measure_get_set_handler.go:168.3,169.1 1 0
github.com/falcon-autotuning/instrument-server/runtime/internal/interpreter/measure_get_set_handler.go:170.2,172.16 3 0
github.com/falcon-autotuning/instrument-server/runtime/internal/interpreter/measure_get_set_handler.go:173.3,174.1 1 0
github.com/falcon-autotuning/instrument-server/runtime/internal/interpreter/measure_get_set_handler.go:175.2,177.16 3 0
github.com/falcon-autotuning/instrument-server/runtime/internal/interpreter/measure_get_set_handler.go:178.3,179.1 1 0
github.com/falcon-autotuning/instrument-server/runtime/internal/interpreter/measure_get_set_handler.go:180.2,180.20 1 0
github.com/falcon-autotuning/instrument-server/runtime/internal/interpreter/measure_get_set_handler.go:181.3,182.1 1 0
github.com/falcon-autotuning/instrument-server/runtime/internal/interpreter/measure_get_set_handler.go:183.2,184.16 2 0
github.com/falcon-autotuning/instrument-server/runtime/internal/interpreter/measure_get_set_handler.go:185.3,186.1 1 0
github.com/falcon-autotuning/instrument-server/runtime/internal/interpreter/measure_get_set_handler.go:188.2,189.16 2 0
github.com/falcon-autotuning/instrument-server/runtime/internal/interpreter/measure_get_set_handler.go:190.3,191.1 1 0
github.com/falcon-autotuning/instrument-server/runtime/internal/interpreter/measure_get_set_handler.go:192.2,192.13 1 0
github.com/falcon-autotuning/instrument-server/runtime/internal/interpreter/measure_get_set_handler.go:193.3,194.1 1 0
github.com/falcon-autotuning/instrument-server/runtime/internal/interpreter/measure_get_set_handler.go:195.2,196.16 2 0
github.com/falcon-autotuning/instrument-server/runtime/internal/interpreter/measure_get_set_handler.go:197.3,198.1 1 0
github.com/falcon-autotuning/instrument-server/runtime/internal/interpreter/measure_get_set_handler.go:199.2,199.70 1 0
github.com/falcon-autotuning/instrument-server/runtime/internal/interpreter/measure_get_set_handler.go:200.3,201.1 1 0
github.com/falcon-autotuning/instrument-server/runtime/internal/interpreter/measure_get_set_handler.go:202.2,203.16 2 0
github.com/falcon-autotuning/instrument-server/runtime/internal/interpreter/measure_get_set_handler.go:204.3,205.1 1 0
github.com/falcon-autotuning/instrument-server/runtime/internal/interpreter/measure_get_set_handler.go:206.2,206.30 1 0
github.com/falcon-autotuning/instrument-server/runtime/internal/interpreter/measure_get_set_handler.go:209.30,209.30 0 0
github.com/falcon-autotuning/instrument-server/runtime/internal/interpreter/measure_get_set_handler.go:211.3,211.25 1 0
github.com/falcon-autotuning/instrument-server/runtime/internal/interpreter/measure_get_set_handler.go:214.2,215.16 2 0
github.com/falcon-autotuning/instrument-server/runtime/internal/interpreter/measure_get_set_handler.go:216.3,217.1 1 0
github.com/falcon-autotuning/instrument-server/runtime/internal/interpreter/measure_get_set_handler.go:218.2,220.16 3 0
github.com/falcon-autotuning/instrument-server/runtime/internal/interpreter/measure_get_set_handler.go:221.3,222.1 1 0
github.com/falcon-autotuning/instrument-server/runtime/internal/interpreter/measure_get_set_handler.go:223.2,223.17 1 0
github.com/falcon-autotuning/instrument-server/runtime/internal/interpreter/measure_get_set_handler.go:224.3,225.1 1 0
github.com/falcon-autotuning/instrument-server/runtime/internal/interpreter/measure_get_set_handler.go:227.2,228.16 2 0
github.com/falcon-autotuning/instrument-server/runtime/internal/interpreter/measure_get_set_handler.go:229.3,230.1 1 0
github.com/falcon-autotuning/instrument-server/runtime/internal/interpreter/measure_get_set_handler.go:231.2,233.16 3 0
github.com/falcon-autotuning/instrument-server/runtime/internal/interpreter/measure_get_set_handler.go:234.3,235.1 1 0
github.com/falcon-autotuning/instrument-server/runtime/internal/interpreter/measure_get_set_handler.go:236.2,236.25 1 0
github.com/falcon-autotuning/instrument-server/runtime/internal/interpreter/measure_get_set_handler.go:237.3,238.1 1 0
github.com/falcon-autotuning/instrument-server/runtime/internal/interpreter/measure_get_set_handler.go:239.2,240.16 2 0
github.com/falcon-autotuning/instrument-server/runtime/internal/interpreter/measure_get_set_handler.go:241.3,242.1 1 0
github.com/falcon-autotuning/instrument-server/runtime/internal/interpreter/measure_get_set_handler.go:243.2,245.16 3 0
github.com/falcon-autotuning/instrument-server/runtime/internal/interpreter/measure_get_set_handler.go:246.3,247.1 1 0
github.com/falcon-autotuning/instrument-server/runtime/internal/interpreter/measure_get_set_handler.go:248.2,250.16 3 0
github.com/falcon-autotuning/instrument-server/runtime/internal/interpreter/measure_get_set_handler.go:251.3,252.1 1 0
github.com/falcon-autotuning/instrument-server/runtime/internal/interpreter/measure_get_set_handler.go:253.2,253.17 1 0
github.com/falcon-autotuning/instrument-server/runtime/internal/interpreter/measure_get_set_handler.go:254.3,255.1 1 0
github.com/falcon-autotuning/instrument-server/runtime/internal/interpreter/measure_get_set_handler.go:257.2,258.16 2 0
github.com/falcon-autotuning/instrument-server/runtime/internal/interpreter/measure_get_set_handler.go:259.3,260.1 1 0
github.com/falcon-autotuning/instrument-server/runtime/internal/interpreter/measure_get_set_handler.go:261.2,263.16 3 0
github.com/falcon-autotuning/instrument-server/runtime/internal/interpreter/measure_get_set_handler.go:264.3,265.1 1 0
github.com/falcon-autotuning/instrument-server/runtime/internal/interpreter/measure_get_set_handler.go:266.2,268.16 3 0
github.com/falcon-autotuning/instrument-server/runtime/internal/interpreter/measure_get_set_handler.go:269.3,270.1 1 0
github.com/falcon-autotuning/instrument-server/runtime/internal/interpreter/measure_get_set_handler.go:271.2,271.26 1 0
github.com/falcon-autotuning/instrument-server/runtime/internal/interpreter/measure_get_set_handler.go:272.3,273.1 1 0
github.com/falcon-autotuning/instrument-server/runtime/internal/interpreter/measure_get_set_handler.go:274.2,275.16 2 0
github.com/falcon-autotuning/instrument-server/runtime/internal/interpreter/measure_get_set_handler.go:276.3,277.1 1 0
github.com/falcon-autotuning/instrument-server/runtime/internal/interpreter/measure_get_set_handler.go:278.2,280.16 3 0
github.com/falcon-autotuning/instrument-server/runtime/internal/interpreter/measure_get_set_handler.go:281.3,282.1 1 0
github.com/falcon-autotuning/instrument-server/runtime/internal/interpreter/measure_get_set_handler.go:283.2,283.22 1 0
github.com/falcon-autotuning/instrument-server/runtime/internal/interpreter/measure_get_set_handler.go:284.3,285.1 1 0
github.com/falcon-autotuning/instrument-server/runtime/internal/interpreter/measure_get_set_handler.go:286.2,286.55 1 0
github.com/falcon-autotuning/instrument-server/runtime/internal/interpreter/measure_get_set_handler.go:287.3,288.1 1 0
github.com/falcon-autotuning/instrument-server/runtime/internal/interpreter/measure_get_set_handler.go:290.2,291.16 2 0
github.com/falcon-autotuning/instrument-server/runtime/internal/interpreter/measure_get_set_handler.go:292.3,293.1 1 0
github.com/falcon-autotuning/instrument-server/runtime/internal/interpreter/measure_get_set_handler.go:294.2,294.71 1 0
github.com/falcon-autotuning/instrument-server/runtime/internal/interpreter/measure_get_set_handler.go:295.3,296.1 1 0
github.com/falcon-autotuning/instrument-server/runtime/internal/interpreter/measure_get_set_handler.go:297.2,298.29 2 0
github.com/falcon-autotuning/instrument-server/runtime/internal/interpreter/measure_get_set_handler.go:304.2,304.39 1 1
github.com/falcon-autotuning/instrument-server/runtime/internal/interpreter/measure_get_set_handler.go:305.3,306.1 1 0
github.com/falcon-autotuning/instrument-server/runtime/internal/interpreter/measure_get_set_handler.go:308.2,309.16 2 1
github.com/falcon-autotuning/instrument-server/runtime/internal/interpreter/measure_get_set_handler.go:310.3,311.1 1 0
github.com/falcon-autotuning/instrument-server/runtime/internal/interpreter/measure_get_set_handler.go:312.2,313.1 3 1
github.com/falcon-autotuning/instrument-server/runtime/internal/interpreter/measure_get_set_handler.go:314.2,315.16 3 1
github.com/falcon-autotuning/instrument-server/runtime/internal/interpreter/measure_get_set_handler.go:316.3,317.1 1 0
github.com/falcon-autotuning/instrument-server/runtime/internal/interpreter/measure_get_set_handler.go:318.2,318.22 1 1
github.com/falcon-autotuning/instrument-server/runtime/internal/interpreter/measure_get_set_handler.go:319.3,320.1 1 0
github.com/falcon-autotuning/instrument-server/runtime/internal/interpreter/measure_get_set_handler.go:322.2,323.16 2 1
github.com/falcon-autotuning/instrument-server/runtime/internal/interpreter/measure_get_set_handler.go:324.3,325.1 1 0
github.com/falcon-autotuning/instrument-server/runtime/internal/interpreter/measure_get_set_handler.go:326.2,327.1 3 1
github.com/falcon-autotuning/instrument-server/runtime/internal/interpreter/measure_get_set_handler.go:328.2,329.16 3 1
github.com/falcon-autotuning/instrument-server/runtime/internal/interpreter/measure_get_set_handler.go:330.3,331.1 1 0
github.com/falcon-autotuning/instrument-server/runtime/internal/interpreter/measure_get_set_handler.go:332.2,332.24 1 1
github.com/falcon-autotuning/instrument-server/runtime/internal/interpreter/measure_get_set_handler.go:333.3,334.1 1 0
github.com/falcon-autotuning/instrument-server/runtime/internal/interpreter/measure_get_set_handler.go:336.2,337.16 2 1
github.com/falcon-autotuning/instrument-server/runtime/internal/interpreter/measure_get_set_handler.go:338.3,339.1 1 0
github.com/falcon-autotuning/instrument-server/runtime/internal/interpreter/measure_get_set_handler.go:340.2,341.1 3 1
github.com/falcon-autotuning/instrument-server/runtime/internal/interpreter/measure_get_set_handler.go:342.2,343.16 3 1
github.com/falcon-autotuning/instrument-server/runtime/internal/interpreter/measure_get_set_handler.go:344.3,345.1 1 0
github.com/falcon-autotuning/instrument-server/runtime/internal/interpreter/measure_get_set_handler.go:346.2,347.1 3 1
github.com/falcon-autotuning/instrument-server/runtime/internal/interpreter/measure_get_set_handler.go:348.2,349.16 3 1
github.com/falcon-autotuning/instrument-server/runtime/internal/interpreter/measure_get_set_handler.go:350.3,351.1 1 0
github.com/falcon-autotuning/instrument-server/runtime/internal/interpreter/measure_get_set_handler.go:352.2,353.1 3 1
github.com/falcon-autotuning/instrument-server/runtime/internal/interpreter/measure_get_set_handler.go:354.2,355.16 3 1
github.com/falcon-autotuning/instrument-server/runtime/internal/interpreter/measure_get_set_handler.go:356.3,357.1 1 0
github.com/falcon-autotuning/instrument-server/runtime/internal/interpreter/measure_get_set_handler.go:359.2,359.30 1 1
github.com/falcon-autotuning/instrument-server/runtime/internal/interpreter/measure_get_set_handler.go:368.2,371.24 1 0
github.com/falcon-autotuning/instrument-server/runtime/internal/interpreter/measure_get_set_handler.go:372.3,380.1 1 0
github.com/falcon-autotuning/instrument-server/runtime/internal/interpreter/measure_get_set_handler.go:381.2,381.37 1 0
github.com/falcon-autotuning/instrument-server/runtime/internal/interpreter/measure_get_set_handler.go:382.3,389.1 1 0
github.com/falcon-autotuning/instrument-server/runtime/internal/interpreter/measure_get_set_handler.go:390.2,390.12 1 0
github.com/falcon-autotuning/instrument-server/runtime/internal/interpreter/measure_get_set_handler.go:399.2,399.23 1 0
github.com/falcon-autotuning/instrument-server/runtime/internal/interpreter/measure_get_set_handler.go:400.3,401.1 1 0
github.com/falcon-autotuning/instrument-server/runtime/internal/interpreter/measure_get_set_handler.go:402.2,402.30 1 0
github.com/falcon-autotuning/instrument-server/runtime/internal/interpreter/measure_get_set_handler.go:403.3,408.1 1 0
github.com/falcon-autotuning/instrument-server/runtime/internal/interpreter/measure_get_set_handler.go:409.2,414.16 1 0
github.com/falcon-autotuning/instrument-server/runtime/internal/interpreter/measure_get_set_handler.go:415.3,416.1 1 0
github.com/falcon-autotuning/instrument-server/runtime/internal/interpreter/measure_get_set_handler.go:417.2,422.16 1 0
github.com/falcon-autotuning/instrument-server/runtime/internal/interpreter/measure_get_set_handler.go:423.3,424.1 1 0
github.com/falcon-autotuning/instrument-server/runtime/internal/interpreter/measure_get_set_handler.go:426.2,427.39 2 0
github.com/falcon-autotuning/instrument-server/runtime/internal/interpreter/measure_get_set_handler.go:428.3,434.1 1 0
github.com/falcon-autotuning/instrument-server/runtime/internal/interpreter/measure_get_set_handler.go:436.2,437.44 2 0
github.com/falcon-autotuning/instrument-server/runtime/internal/interpreter/measure_get_set_handler.go:439.3,439.14 1 0
github.com/falcon-autotuning/instrument-server/runtime/internal/interpreter/measure_get_set_handler.go:441.3,441.23 1 0
github.com/falcon-autotuning/instrument-server/runtime/internal/interpreter/measure_get_set_handler.go:443.3,447.4 1 0
github.com/falcon-autotuning/instrument-server/runtime/internal/interpreter/measure_get_set_handler.go:449.2,449.47 1 0
github.com/falcon-autotuning/instrument-server/runtime/internal/interpreter/measure_get_set_handler.go:450.3,451.1 1 0
github.com/falcon-autotuning/instrument-server/runtime/internal/interpreter/measure_get_set_handler.go:453.2,454.16 2 0
github.com/falcon-autotuning/instrument-server/runtime/internal/interpreter/measure_get_set_handler.go:455.3,456.1 1 0
github.com/falcon-autotuning/instrument-server/runtime/internal/interpreter/measure_get_set_handler.go:457.2,459.16 3 0
github.com/falcon-autotuning/instrument-server/runtime/internal/interpreter/measure_get_set_handler.go:460.3,461.1 1 0
github.com/falcon-autotuning/instrument-server/runtime/internal/interpreter/measure_get_set_handler.go:462.2,464.16 3 0
github.com/falcon-autotuning/instrument-server/runtime/internal/interpreter/measure_get_set_handler.go:465.3,466.1 1 0
github.com/falcon-autotuning/instrument-server/runtime/internal/interpreter/measure_get_set_handler.go:467.2,467.17 1 0
github.com/falcon-autotuning/instrument-server/runtime/internal/interpreter/measure_get_set_handler.go:468.3,472.1 1 0
github.com/falcon-autotuning/instrument-server/runtime/internal/interpreter/measure_get_set_handler.go:474.2,475.16 2 0
github.com/falcon-autotuning/instrument-server/runtime/internal/interpreter/measure_get_set_handler.go:476.3,477.1 1 0
github.com/falcon-autotuning/instrument-server/runtime/internal/interpreter/measure_get_set_handler.go:478.2,478.55 1 0
github.com/falcon-autotuning/instrument-server/runtime/internal/interpreter/measure_get_set_handler.go:479.3,480.1 1 0
github.com/falcon-autotuning/instrument-server/runtime/internal/interpreter/measure_get_set_handler.go:481.2,481.23 1 0
github.com/falcon-autotuning/instrument-server/runtime/internal/interpreter/measure_get_set_handler.go:488.2,489.16 2 0
github.com/falcon-autotuning/instrument-server/runtime/internal/interpreter/measure_get_set_handler.go:490.3,491.1 1 0
github.com/falcon-autotuning/instrument-server/runtime/internal/interpreter/measure_get_set_handler.go:492.2,494.16 3 0
github.com/falcon-autotuning/instrument-server/runtime/internal/interpreter/measure_get_set_handler.go:495.3,496.1 1 0
github.com/falcon-autotuning/instrument-server/runtime/internal/interpreter/measure_get_set_handler.go:497.2,499.16 3 0
github.com/falcon-autotuning/instrument-server/runtime/internal/interpreter/measure_get_set_handler.go:500.3,501.1 1 0
github.com/falcon-autotuning/instrument-server/runtime/internal/interpreter/measure_get_set_handler.go:502.2,504.16 3 0
github.com/falcon-autotuning/instrument-server/runtime/internal/interpreter/measure_get_set_handler.go:505.3,506.1 1 0
github.com/falcon-autotuning/instrument-server/runtime/internal/interpreter/measure_get_set_handler.go:507.2,509.16 3 0
github.com/falcon-autotuning/instrument-server/runtime/internal/interpreter/measure_get_set_handler.go:510.3,511.1 1 0
github.com/falcon-autotuning/instrument-server/runtime/internal/interpreter/measure_get_set_handler.go:512.2,514.16 3 0
github.com/falcon-autotuning/instrument-server/runtime/internal/interpreter/measure_get_set_handler.go:515.3,516.1 1 0
github.com/falcon-autotuning/instrument-server/runtime/internal/interpreter/measure_get_set_handler.go:517.2,517.58 1 0
github.com/falcon-autotuning/instrument-server/runtime/internal/interpreter/measure_get_set_handler.go:526.2,527.16 2 0
github.com/falcon-autotuning/instrument-server/runtime/internal/interpreter/measure_get_set_handler.go:528.3,529.1 1 0
github.com/falcon-autotuning/instrument-server/runtime/internal/interpreter/measure_get_set_handler.go:530.2,530.14 1 0
github.com/falcon-autotuning/instrument-server/runtime/internal/interpreter/measure_get_set_handler.go:531.3,532.1 1 0
github.com/falcon-autotuning/instrument-server/runtime/internal/interpreter/measure_get_set_handler.go:533.2,534.34 2 0
github.com/falcon-autotuning/instrument-server/runtime/internal/interpreter/measure_get_set_handler.go:535.3,536.1 1 0
github.com/falcon-autotuning/instrument-server/runtime/internal/interpreter/measure_get_set_handler.go:537.2,537.22 1 0
github.com/falcon-autotuning/instrument-server/runtime/internal/interpreter/measure_get_set_handler.go:538.3,539.1 1 0
github.com/falcon-autotuning/instrument-server/runtime/internal/interpreter/measure_get_set_handler.go:541.2,542.16 2 0
github.com/falcon-autotuning/instrument-server/runtime/internal/interpreter/measure_get_set_handler.go:543.3,544.1 1 0
github.com/falcon-autotuning/instrument-server/runtime/internal/interpreter/measure_get_set_handler.go:545.2,545.61 1 0
github.com/falcon-autotuning/instrument-server/runtime/internal/interpreter/measure_get_set_handler.go:546.3,550.1 1 0
github.com/falcon-autotuning/instrument-server/runtime/internal/interpreter/measure_get_set_handler.go:551.2,552.16 2 0
github.com/falcon-autotuning/instrument-server/runtime/internal/interpreter/measure_get_set_handler.go:553.3,554.1 1 0
github.com/falcon-autotuning/instrument-server/runtime/internal/interpreter/measure_get_set_handler.go:555.2,555.71 1 0
github.com/falcon-autotuning/instrument-server/runtime/internal/interpreter/measure_get_set_handler.go:556.3,560.1 1 0
github.com/falcon-autotuning/instrument-server/runtime/internal/interpreter/measure_get_set_handler.go:562.2,567.16 2 0
github.com/falcon-autotuning/instrument-server/runtime/internal/interpreter/measure_get_set_handler.go:568.3,569.1 1 0
github.com/falcon-autotuning/instrument-server/runtime/internal/interpreter/measure_get_set_handler.go:570.2,575.16 2 0
github.com/falcon-autotuning/instrument-server/runtime/internal/interpreter/measure_get_set_handler.go:576.3,577.1 1 0
github.com/falcon-autotuning/instrument-server/runtime/internal/interpreter/measure_get_set_handler.go:579.2,600.23 2 0
github.com/falcon-autotuning/instrument-server/runtime/internal/interpreter/measure_get_set_handler.go:601.3,605.1 1 0
github.com/falcon-autotuning/instrument-server/runtime/internal/interpreter/measure_get_set_handler.go:607.2,613.16 2 0
github.com/falcon-autotuning/instrument-server/runtime/internal/interpreter/measure_get_set_handler.go:614.3,615.1 1 0
github.com/falcon-autotuning/instrument-server/runtime/internal/interpreter/measure_get_set_handler.go:616.2,616.55 1 0
github.com/falcon-autotuning/instrument-server/runtime/internal/interpreter/router.go:92.2,99.1 1 0
github.com/falcon-autotuning/instrument-server/runtime/internal/interpreter/router.go:114.2,114.37 1 1
github.com/falcon-autotuning/instrument-server/runtime/internal/interpreter/router.go:115.3,116.17 2 1
github.com/falcon-autotuning/instrument-server/runtime/internal/interpreter/router.go:117.4,122.1 1 1
github.com/falcon-autotuning/instrument-server/runtime/internal/interpreter/router.go:123.3,123.11 1 1
github.com/falcon-autotuning/instrument-server/runtime/internal/interpreter/router.go:124.4,130.1 1 1
github.com/falcon-autotuning/instrument-server/runtime/internal/interpreter/router.go:133.2,135.3 1 1
